title
"Number of Users: Active: by GPU Count"
parameters

start,end
2016-12-22,2017-01-01
---------
"GPU Count","Number of Users: Active"
0,66
2,1
---------
