title
"Number of Users: Active: by Decanal Unit"
parameters

start,end
2018-04-18,2018-04-30
---------
Year,"[Engineering] Number of Users: Active"
2018,3
---------
