title
"Wall Hours: Total: by Service Provider"
parameters

start,end
2016-12-22,2017-01-01
---------
Year,"[screw] Wall Hours: Total","[wrench] Wall Hours: Total"
2016,105181.2964,6016.9192
2017,16077.5239,701.0669
---------
