title
"Wall Hours: Per Session: by Domain"
parameters

start,end
2018-04-18,2018-04-30
---------
Domain,"Wall Hours: Per Session"
"Unknown - NutSetters",23.14954403
---------
