title
"Wall Hours: Per Session: by Domain"
parameters

start,end
2018-04-18,2018-04-30
---------
Quarter,"[Default] Wall Hours: Per Session"
"2018 Q2",23.14954403
---------
