title
"Number of Jobs Ended: by PI Group"
parameters

start,end
2016-12-22,2017-01-01
---------
Month,"[Unknown] Number of Jobs Ended"
2016-12,54747
2017-01,16566
---------
