title
"Number of Users: Active: by PI Institution"
parameters

start,end
2018-04-18,2018-04-30
---------
Quarter,"[screw - Screwdriver] Number of Users: Active"
"2018 Q2",3
---------
