title
"Core Hours: Total: by Domain"
parameters

start,end
2018-04-18,2018-04-30
---------
Quarter,"[Default] Core Hours: Total"
"2018 Q2",1754.1644
---------
