title
"Core Hours: Total"
parameters

start,end
2018-04-18,2018-04-30
---------
Year,"[Screwdriver] Core Hours: Total"
2018,1754.1644
---------
