title
"Job Size: Max (Core Count): by GPU Count"
parameters

start,end
2016-12-22,2017-01-01
---------
"GPU Count","Job Size: Max (Core Count)"
0,336
2,12
---------
