title
"Number of PIs: Active: by Provider"
parameters

start,end
2018-04-18,2018-04-30
---------
Quarter,"[screw - Screwdriver] Number of PIs: Active"
"2018 Q2",1
---------
