title
"Physical Usage (Bytes)"
parameters

start,end
2018-12-27,2019-01-05
---------
Month,"[Screwdriver] Physical Usage (Bytes)"
2018-12-01,0
2019-01-01,0
---------
