title
"GPU Hours: Per Job: by GPU Count"
parameters

start,end
2016-12-22,2017-01-01
---------
"GPU Count","GPU Hours: Per Job"
0,0.00000000
2,253.45638889
---------
