title
"Number of Active Sessions: by Submission Venue"
parameters

start,end
2018-04-18,2018-04-30
---------
"Submission Venue","Number of Active Sessions"
"OpenStack API",51
---------
