title
"Number of Sessions Started: by PI Group"
parameters

start,end
2018-04-18,2018-04-30
---------
Month,"[Mechanics and Materials] Number of Sessions Started"
2018-04,53
---------
