title
"Number of PIs: Active: by GPU Count"
parameters

start,end
2016-12-22,2017-01-01
---------
Month,"[0] Number of PIs: Active","[2] Number of PIs: Active"
2016-12,41,1
2017-01,25,1
---------
