title
"Average Wall Hours per Session: by System Username"
parameters

"*Restricted To: User = Whimbrel"
start,end
2018-04-18,2018-04-30
---------
"System Username","Average Wall Hours per Session"
---------
