title
"Average Cores Reserved Weighted By Wall Hours: by Decanal Unit"
parameters

start,end
2018-04-18,2018-04-30
---------
"Decanal Unit","Average Cores Reserved Weighted By Wall Hours"
Engineering,1.4297
---------
