title
"Average Cores Reserved Weighted By Wall Hours: by Decanal Unit"
parameters

start,end
2018-04-18,2018-04-30
---------
Quarter,"[Engineering] Average Cores Reserved Weighted By Wall Hours"
"2018 Q2",1.4297
---------
