title
"Job Size: Max (Core Count): by Service Provider"
parameters

start,end
2016-12-22,2017-01-01
---------
Day,"[screw] Job Size: Max (Core Count)","[wrench] Job Size: Max (Core Count)"
2016-12-22,12,12
2016-12-23,12,12
2016-12-24,12,12
2016-12-25,12,24
2016-12-26,16,24
2016-12-27,144,24
2016-12-28,192,24
2016-12-29,192,64
2016-12-30,336,80
2016-12-31,336,64
2017-01-01,192,24
---------
