title
"GPU Hours: Per Job: by System Username"
parameters

"*Restricted To: User = Whimbrel"
start,end
2016-12-22,2017-01-01
---------
"System Username","GPU Hours: Per Job"
whimb,0.00000000
---------
