title
"Screwdriver Utilization (%): by PI Group"
parameters

start,end
2016-12-22,2017-01-01
---------
Month,"[Quantum Electronics, Waves, and Beams] Screwdriver Utilization (%)","[Organic and Macromolecular Chemistry] Screwdriver Utilization (%)","[Systems Prototyping and Fabrication] Screwdriver Utilization (%)","[Sociology] Screwdriver Utilization (%)","[Physical Chemistry] Screwdriver Utilization (%)","[Stellar Astronomy and Astrophysics] Screwdriver Utilization (%)","[Statistics and Probability] Screwdriver Utilization (%)","[Structures and Building Systems] Screwdriver Utilization (%)","[Emerging Technologies Initiation] Screwdriver Utilization (%)","[Metals, Ceramics, and Electronic Materials] Screwdriver Utilization (%)","[Operations Research and Production Systems] Screwdriver Utilization (%)","[Biophysics] Screwdriver Utilization (%)","[Solid State Chemistry and Polymers] Screwdriver Utilization (%)","[Fluid, Particulate, and Hydraulic Systems] Screwdriver Utilization (%)","[Polar Ocean and Climate Systems] Screwdriver Utilization (%)","[Cell Biology] Screwdriver Utilization (%)","[Tectonics] Screwdriver Utilization (%)","[Experimental Systems] Screwdriver Utilization (%)","[Arts] Screwdriver Utilization (%)","[Galactic Astronomy] Screwdriver Utilization (%)","[Design and Computer-Integrated Engineering] Screwdriver Utilization (%)","[Algebra and Number Theory] Screwdriver Utilization (%)","[Theoretical Physics] Screwdriver Utilization (%)","[Systematic and Population Biology] Screwdriver Utilization (%)","[Economics] Screwdriver Utilization (%)","[Global Atmospheric Research] Screwdriver Utilization (%)","[Volcanology and Mantle Geochemistry] Screwdriver Utilization (%)","[Decision, Risk, and Management Science] Screwdriver Utilization (%)","[Solid-State and Microstructures] Screwdriver Utilization (%)","[Polar Aeronomy and Astrophysics] Screwdriver Utilization (%)","[Biochemistry and Molecular Structure and Function] Screwdriver Utilization (%)","[Seismology] Screwdriver Utilization (%)","[Geology and Paleontology] Screwdriver Utilization (%)","[Polar Meteorology] Screwdriver Utilization (%)","[Mechanics and Materials] Screwdriver Utilization (%)","[Computer and Computation Theory] Screwdriver Utilization (%)","[Extragalactic Astronomy and Cosmology] Screwdriver Utilization (%)","[Design, Tools, and Test] Screwdriver Utilization (%)","[Geophysics] Screwdriver Utilization (%)","[Law and Social Sciences] Screwdriver Utilization (%)"
2016-12,4.8547,8.2790,2.9073,3.0488,1.8082,0.9798,1.2019,2.9461,0.7708,0.9579,0.7344,0.9566,0.9678,0.6826,0.0066,0.4021,0.4474,0.3335,0.4854,0.3887,0.1809,0.2676,0.0828,0.0337,0.0646,0.0751,0.1667,0.0617,0.0673,0.0677,0.0532,0.0318,0.0296,0.0070,0.0113,0.0053,0.0031,0.0015,0.0039,0.0001
2017-01,0.0487,0.0019,0.3758,0.0569,0.0755,0.1070,0.1646,0,0.1571,0,0.0422,0.0570,0,0,0.3206,0.0332,0,0.0324,0.0050,0.0125,0.0601,0.0020,0,0.0293,0.0069,0.0001,0,0,0.0012,0,0,0.0004,0.0007,0.0001,0.0009,0,0,0,0,0
---------
