title
"User Expansion Factor: by Job Size"
parameters

start,end
2016-12-22,2017-01-01
---------
"Job Size","User Expansion Factor"
1,1.0712
2,4.4910
"3 - 4",127.6190
"5 - 8",9.2691
"9 - 16",2.5196
"17 - 32",2.7553
"33 - 64",2.3863
"65 - 128",2.0131
"129 - 256",1.2892
"257 - 512",1.3204
---------
