title
"GPU Hours: Per Job: by Resource Type"
parameters

start,end
2016-12-22,2017-01-01
---------
Quarter,"[High-performance computing] GPU Hours: Per Job"
"2016 Q4",0.00828146
"2017 Q1",0.00250030
---------
