title
"Number of Users: Active: by PI Institution"
parameters

start,end
2016-12-22,2017-01-01
---------
Day,"[screw - Screwdriver] Number of Users: Active","[wrench - Wrench] Number of Users: Active"
2016-12-22,1,1
2016-12-23,2,1
2016-12-24,2,1
2016-12-25,2,2
2016-12-26,3,2
2016-12-27,13,3
2016-12-28,20,5
2016-12-29,37,6
2016-12-30,56,8
2016-12-31,47,8
2017-01-01,31,7
---------
