title
"Number of Sessions Active: by PI Group"
parameters

start,end
2018-04-18,2018-04-30
---------
"PI Group","Number of Sessions Active"
"Mechanics and Materials",53
---------
