title
"Number of Sessions Ended: by Decanal Unit"
parameters

start,end
2018-04-18,2018-04-30
---------
"Decanal Unit","Number of Sessions Ended"
Engineering,53
---------
